// Jest Snapshot v1, https://goo.gl/fbAQLP

exports[`AppView should render 1`] = `
Array [
  <div
    data-mock="AppVersion"
  />,
  <div
    data-mock="MainMenu"
  >
    <div
      data-mock="MIOpenImage"
    />
    <div
      data-mock="MISave"
    />
    <div
      data-mock="MIArrow"
    />
    <div
      data-mock="MIStrokeColor"
    />
    <div
      data-mock="MIStrokeWidth"
    />
    <div
      data-mock="MIResize"
    />
    <div
      data-mock="MIGithub"
    />
  </div>,
  <div
    data-mock="CanvasContainer"
  />,
]
`;
