// Jest Snapshot v1, https://goo.gl/fbAQLP

exports[`ColorSelector should render with color picker 1`] = `
<div
  className="color-selector"
  color="lighblue"
  onChange={[Function]}
>
  This is mocked ChromePicker. Color is 
  lighblue
</div>
`;

exports[`ColorSelector should render without color picker 1`] = `null`;
