// Jest Snapshot v1, https://goo.gl/fbAQLP

exports[`MISave should be disabled 1`] = `
Array [
  <div
    data-mock="TopMenuItem"
    onClick={[Function]}
  >
    <div
      data-mock="Icon"
    />
  </div>,
  <div
    data-mock="Popup"
  >
    <form
      onSubmit={[Function]}
    >
      <div
        className="sc-bdVaJa gBePXc"
      >
        <label
          htmlFor="saveAs"
        >
          Save as (*.png)
        </label>
        <input
          className="form-input"
          id="saveAs"
          name="name"
          onBlur={[Function]}
          onChange={[Function]}
          onFocus={[Function]}
          placeholder="Enter file name"
          value=""
        />
        <div
          className="sc-bwzfXH hwXLHn"
        >
          Name can't be empty
        </div>
      </div>
      <div
        className="popup-buttons-container"
      >
        <div
          className="sc-ifAKCX rijn"
        >
          <button
            className="sc-htpNat sc-bxivhb fQkliK"
            disabled={false}
            onClick={[Function]}
            type="button"
          >
            Cancel
          </button>
        </div>
        <div
          className="sc-ifAKCX rijn"
        >
          <button
            className="sc-htpNat sc-bxivhb fEUrCp"
            disabled={true}
            type="submit"
          >
            Save
          </button>
        </div>
      </div>
    </form>
  </div>,
]
`;

exports[`MISave should render 1`] = `
Array [
  <div
    data-mock="TopMenuItem"
    onClick={[Function]}
  >
    <div
      data-mock="Icon"
    />
  </div>,
  <div
    data-mock="Popup"
  >
    <form
      onSubmit={[Function]}
    >
      <div
        className="sc-bdVaJa gBePXc"
      >
        <label
          htmlFor="saveAs"
        >
          Save as (*.png)
        </label>
        <input
          className="form-input"
          id="saveAs"
          name="name"
          onBlur={[Function]}
          onChange={[Function]}
          onFocus={[Function]}
          placeholder="Enter file name"
          value=""
        />
        <div
          className="sc-bwzfXH hwXLHn"
        >
          Name can't be empty
        </div>
      </div>
      <div
        className="popup-buttons-container"
      >
        <div
          className="sc-ifAKCX rijn"
        >
          <button
            className="sc-htpNat sc-bxivhb fQkliK"
            disabled={false}
            onClick={[Function]}
            type="button"
          >
            Cancel
          </button>
        </div>
        <div
          className="sc-ifAKCX rijn"
        >
          <button
            className="sc-htpNat sc-bxivhb fEUrCp"
            disabled={true}
            type="submit"
          >
            Save
          </button>
        </div>
      </div>
    </form>
  </div>,
]
`;
