// Jest Snapshot v1, https://goo.gl/fbAQLP

exports[`MIStrokeColor should be disabled 1`] = `
<div
  data-mock="TopMenuItem"
  onClick={[Function]}
>
  <div
    className="sc-AxjAm blVvcT"
    style={
      Object {
        "backgroundColor": "red",
      }
    }
  />
  <div
    data-mock="ColorSelector"
  />
</div>
`;

exports[`MIStrokeColor should render 1`] = `
<div
  data-mock="TopMenuItem"
  onClick={[Function]}
>
  <div
    className="sc-AxjAm blVvcT"
    style={
      Object {
        "backgroundColor": "red",
      }
    }
  />
  <div
    data-mock="ColorSelector"
  />
</div>
`;
