// Jest Snapshot v1, https://goo.gl/fbAQLP

exports[`MIStrokeColor should be disabled 1`] = `
Array [
  <div
    data-mock="TopMenuItem"
    onClick={[Function]}
  >
    <div
      className="sc-AxjAm blVvcT"
      style={
        Object {
          "backgroundColor": "red",
        }
      }
    />
  </div>,
  <div
    data-mock="ColorSelector"
  />,
]
`;

exports[`MIStrokeColor should render 1`] = `
Array [
  <div
    data-mock="TopMenuItem"
    onClick={[Function]}
  >
    <div
      className="sc-AxjAm blVvcT"
      style={
        Object {
          "backgroundColor": "red",
        }
      }
    />
  </div>,
  <div
    data-mock="ColorSelector"
  />,
]
`;
