// Jest Snapshot v1, https://goo.gl/fbAQLP

exports[`MIStrokeWidth should not render 1`] = `null`;

exports[`MIStrokeWidth should render 1`] = `
<div
  data-mock="TopMenuItem"
  onClick={[Function]}
>
  <div
    data-mock="Icon"
  />
</div>
`;

exports[`MIStrokeWidth should render disabled 1`] = `
<div
  data-mock="TopMenuItem"
  onClick={[Function]}
>
  <div
    data-mock="Icon"
  />
</div>
`;
