// Jest Snapshot v1, https://goo.gl/fbAQLP

exports[`Menu should render 1`] = `
<div
  data-mock="TopMenuPanel"
>
  <div
    data-mock="MIOpenImage"
  >
    {}
  </div>
  <div
    data-mock="MISave"
  >
    {
  "disabled": false
}
  </div>
  <div
    data-mock="Separator"
  >
    {}
  </div>
  <div
    data-mock="MIArrow"
  >
    {
  "disabled": false
}
  </div>
  <div
    data-mock="MIText"
  >
    {
  "disabled": false
}
  </div>
  <div
    data-mock="MISelect"
  >
    {
  "disabled": false
}
  </div>
  <div
    data-mock="MIRect"
  >
    {
  "disabled": false
}
  </div>
  <div
    data-mock="Separator"
  >
    {}
  </div>
  <div
    data-mock="MIStrokeColor"
  >
    {
  "disabled": false,
  "show": false
}
  </div>
  <div
    data-mock="MIStrokeWidth"
  >
    {
  "disabled": false,
  "show": false
}
  </div>
  <div
    data-mock="Separator"
  >
    {
  "show": false
}
  </div>
  <div
    data-mock="MIResize"
  />
  <div
    data-mock="MIBlankCanvas"
  >
    {
  "show": false
}
  </div>
  <div
    data-mock="FloatRight"
  >
    <div
      data-mock="MIGithub"
    >
      {}
    </div>
  </div>
</div>
`;
