// Jest Snapshot v1, https://goo.gl/fbAQLP

exports[`MIResize should render 1`] = `
Array [
  <div
    data-mock="MainMenuItem"
    onClick={[Function]}
  >
    <div
      data-mock="Icon"
    />
  </div>,
  <div
    data-mock="Popup"
  >
    <div
      className="row"
    >
      <div
        className="col-sm"
      >
        <div
          className="form-group"
        >
          <label
            htmlFor="img-width"
          >
            Width (px)
          </label>
          <div
            data-mock="HotKeys"
          >
            <input
              className="form-input"
              id="img-width"
              onChange={[Function]}
              onSubmit={[Function]}
              placeholder="Enter width"
              value="0"
            />
          </div>
        </div>
      </div>
      <div
        className="col-sm"
      >
        <div
          className="form-group"
        >
          <label
            htmlFor="img-height"
          >
            Height (px)
          </label>
          <div
            data-mock="HotKeys"
          >
            <input
              className="form-input"
              id="img-height"
              onChange={[Function]}
              onSubmit={[Function]}
              placeholder="Enter height"
              value="0"
            />
          </div>
        </div>
      </div>
    </div>
  </div>,
]
`;
