// Jest Snapshot v1, https://goo.gl/fbAQLP

exports[`MIResize should render 1`] = `
Array [
  <div
    data-mock="MainMenuItem"
    onClick={[Function]}
  >
    <div
      data-mock="Icon"
    />
  </div>,
  <div
    data-mock="Popup"
  >
    <form
      onSubmit={[Function]}
    >
      <div
        className="row"
      >
        <div
          className="col-sm"
        >
          <div
            className="form-group form-group_has-error"
          >
            <label
              htmlFor="img-width"
            >
              Width (px)
            </label>
            <input
              className="form-input"
              id="img-width"
              name="width"
              onBlur={[Function]}
              onChange={[Function]}
              onFocus={[Function]}
              placeholder="Enter width"
              value="0"
            />
            <div
              className="form-group-error-text"
            >
              Value is too small
            </div>
          </div>
        </div>
        <div
          className="col-sm"
        >
          <div
            className="form-group form-group_has-error"
          >
            <label
              htmlFor="img-height"
            >
              Height (px)
            </label>
            <input
              className="form-input"
              id="img-height"
              name="height"
              onBlur={[Function]}
              onChange={[Function]}
              onFocus={[Function]}
              placeholder="Enter height"
              value="0"
            />
            <div
              className="form-group-error-text"
            >
              Value is too small
            </div>
          </div>
        </div>
      </div>
      <div
        className="popup-buttons-container"
      >
        <div
          className="form-buttons-row-child"
        >
          <button
            className="button button_primary button_secondary"
            disabled={false}
            onClick={[Function]}
            title={null}
            type="button"
          >
            Cancel
          </button>
        </div>
        <div
          className="form-buttons-row-child"
        >
          <button
            className="button button_primary button_disabled"
            disabled={true}
            onClick={null}
            title={null}
            type="submit"
          >
            Resize
          </button>
        </div>
      </div>
    </form>
  </div>,
]
`;
