// Jest Snapshot v1, https://goo.gl/fbAQLP

exports[`MISave should be disabled 1`] = `
Array [
  <div
    data-mock="MainMenuItem"
    onClick={[Function]}
  >
    <div
      data-mock="Icon"
    />
  </div>,
  <div
    data-mock="Popup"
  >
    <form
      onSubmit={[Function]}
    >
      <div
        className="form-group form-group_has-error"
      >
        <label
          htmlFor="saveAs"
        >
          Save as (*.png)
        </label>
        <input
          className="form-input"
          id="saveAs"
          name="name"
          onBlur={[Function]}
          onChange={[Function]}
          onFocus={[Function]}
          placeholder="Enter file name"
          value=""
        />
        <div
          className="form-group-error-text"
        >
          Name can't be empty
        </div>
      </div>
      <div
        className="popup-buttons-container"
      >
        <div
          className="form-buttons-row-child"
        >
          <button
            className="sc-bdVaJa bxErpX"
            disabled={false}
            onClick={[Function]}
            type="button"
          >
            Cancel
          </button>
        </div>
        <div
          className="form-buttons-row-child"
        >
          <button
            className="sc-bdVaJa iNzYoi"
            disabled={true}
            type="submit"
          >
            Save
          </button>
        </div>
      </div>
    </form>
  </div>,
]
`;

exports[`MISave should render 1`] = `
Array [
  <div
    data-mock="MainMenuItem"
    onClick={[Function]}
  >
    <div
      data-mock="Icon"
    />
  </div>,
  <div
    data-mock="Popup"
  >
    <form
      onSubmit={[Function]}
    >
      <div
        className="form-group form-group_has-error"
      >
        <label
          htmlFor="saveAs"
        >
          Save as (*.png)
        </label>
        <input
          className="form-input"
          id="saveAs"
          name="name"
          onBlur={[Function]}
          onChange={[Function]}
          onFocus={[Function]}
          placeholder="Enter file name"
          value=""
        />
        <div
          className="form-group-error-text"
        >
          Name can't be empty
        </div>
      </div>
      <div
        className="popup-buttons-container"
      >
        <div
          className="form-buttons-row-child"
        >
          <button
            className="sc-bdVaJa bxErpX"
            disabled={false}
            onClick={[Function]}
            type="button"
          >
            Cancel
          </button>
        </div>
        <div
          className="form-buttons-row-child"
        >
          <button
            className="sc-bdVaJa iNzYoi"
            disabled={true}
            type="submit"
          >
            Save
          </button>
        </div>
      </div>
    </form>
  </div>,
]
`;
