// Jest Snapshot v1, https://goo.gl/fbAQLP

exports[`MIResize should render 1`] = `
Array [
  <div
    data-mock="MainMenuItem"
    onClick={[Function]}
  >
    <div
      data-mock="Icon"
    />
  </div>,
  <div
    data-mock="MIResizePopup"
  >
    widthInit: 
    0
    heightInit: 
    0
  </div>,
]
`;
