// Jest Snapshot v1, https://goo.gl/fbAQLP

exports[`CanvasEl default render 1`] = `
<div
  className="canvas-scroll"
>
  <div
    data-mock="GlobalHotKeys"
  >
    {
  "keyMap": {
    "delete": [
      "backspace",
      "delete",
      "del"
    ],
    "copy": [
      "ctrl+c",
      "command+c"
    ],
    "paste": [
      "ctrl+v",
      "command+v"
    ]
  },
  "handlers": {}
}
  </div>
  <div
    className="canvas-container"
    style={
      Object {
        "height": 0,
        "width": 0,
      }
    }
  >
    <div
      className="canvas-el"
      onClick={[Function]}
      style={
        Object {
          "cursor": "auto",
        }
      }
    />
  </div>
</div>
`;
